Analyzing task manager app...                                   

warning - The URI 'package:flutter_lints/flutter.yaml' included in 'D:\tasks\task manager app\analysis_options.yaml' can't be found when analyzing 'D:\tasks\task manager app' - analysis_options.yaml:10:10 - include_file_not_found
warning - The value of the local variable 'isDark' isn't used - lib\screens\admin\copmanies\admin_companies_screen.dart:49:11 - unused_local_variable
warning - Unused import: '../../../models/user_model.dart' - lib\screens\admin\users\admin_users_screen.dart:7:8 - unused_import
  error - The argument type 'String?' can't be assigned to the parameter type 'String'.  - lib\screens\admin\users\admin_users_screen.dart:305:33 - argument_type_not_assignable
warning - Unused import: 'package:url_launcher/url_launcher.dart' - lib\screens\auth\login_screen.dart:4:8 - unused_import
warning - Unused import: '../../models/task_model.dart' - lib\screens\board_screen\board_screen.dart:10:8 - unused_import
   info - 'value' is deprecated and shouldn't be used. Use initialValue instead. This will set the initial value for the form field. This feature was deprecated after v3.33.0-1.0.pre - lib\screens\board_screen\board_screen.dart:260:41 - deprecated_member_use
   info - 'value' is deprecated and shouldn't be used. Use initialValue instead. This will set the initial value for the form field. This feature was deprecated after v3.33.0-1.0.pre - lib\screens\board_screen\board_screen.dart:284:41 - deprecated_member_use
warning - The declaration '_buildSystemMessage' isn't referenced - lib\screens\chat_screen\chat_detail_screen.dart:198:10 - unused_element
warning - Unused import: 'package:lucide_icons/lucide_icons.dart' - lib\screens\chat_screen\chat_screen.dart:2:8 - unused_import
warning - Unused import: 'dart:math' - lib\screens\dashboard\dashboard_screen.dart:2:8 - unused_import
warning - The value of the local variable 'w' isn't used - lib\screens\dashboard\dashboard_screen.dart:46:11 - unused_local_variable
   info - 'withOpacity' is deprecated and shouldn't be used. Use .withValues() to avoid precision loss - lib\screens\dashboard\dashboard_screen.dart:149:46 - deprecated_member_use
warning - The declaration '_buildActiveSession' isn't referenced - lib\screens\dashboard\dashboard_screen.dart:286:10 - unused_element
warning - The declaration '_buildWeeklySchedule' isn't referenced - lib\screens\dashboard\dashboard_screen.dart:352:10 - unused_element
warning - The declaration '_StatusIndicator' isn't referenced - lib\screens\dashboard\dashboard_screen.dart:627:7 - unused_element
   info - 'withOpacity' is deprecated and shouldn't be used. Use .withValues() to avoid precision loss - lib\screens\main_app_scaffold.dart:303:48 - deprecated_member_use
   info - 'withOpacity' is deprecated and shouldn't be used. Use .withValues() to avoid precision loss - lib\screens\main_app_scaffold.dart:303:81 - deprecated_member_use
   info - 'withOpacity' is deprecated and shouldn't be used. Use .withValues() to avoid precision loss - lib\screens\main_app_scaffold.dart:306:50 - deprecated_member_use
   info - 'withOpacity' is deprecated and shouldn't be used. Use .withValues() to avoid precision loss - lib\screens\main_app_scaffold.dart:306:82 - deprecated_member_use
   info - 'withOpacity' is deprecated and shouldn't be used. Use .withValues() to avoid precision loss - lib\screens\main_app_scaffold.dart:354:49 - deprecated_member_use

